
> gravity-core@1.0.26 test
> node run-all-tests.js


≡ƒº¬ Running 14 test files...

TAP version 13
# Subtest: Gravity UAT - User Acceptance Tests
    # Subtest: should allow user to install extension easily
    ok 1 - should allow user to install extension easily
      ---
      duration_ms: 11.2606
      ...
    # Subtest: should provide clear setup instructions
    ok 2 - should provide clear setup instructions
      ---
      duration_ms: 0.6437
      ...
    # Subtest: should diagnose layout issues accurately
    ok 3 - should diagnose layout issues accurately
      ---
      duration_ms: 0.7702
      ...
    # Subtest: should provide helpful error messages
    ok 4 - should provide helpful error messages
      ---
      duration_ms: 0.7028
      ...
    # Subtest: should respond quickly to user actions
    ok 5 - should respond quickly to user actions
      ---
      duration_ms: 63.1256
      ...
    # Subtest: should work with popular IDEs
    ok 6 - should work with popular IDEs
      ---
      duration_ms: 1.298
      ...
    # Subtest: should handle common user mistakes gracefully
    ok 7 - should handle common user mistakes gracefully
      ---
      duration_ms: 0.6607
      ...
    # Subtest: should provide visual feedback for operations
    ok 8 - should provide visual feedback for operations
      ---
      duration_ms: 0.6711
      ...
    # Subtest: should save user preferences
    ok 9 - should save user preferences
      ---
      duration_ms: 1.2789
      ...
    # Subtest: should allow easy troubleshooting
    ok 10 - should allow easy troubleshooting
      ---
      duration_ms: 1.0077
      ...
    1..10
ok 1 - Gravity UAT - User Acceptance Tests
  ---
  duration_ms: 93.1141
  type: 'suite'
  ...
# Subtest: Gravity Compatibility - Browser Tests
    # Subtest: should detect Chrome browser
    ok 1 - should detect Chrome browser
      ---
      duration_ms: 9.4807
      ...
    # Subtest: should detect Brave browser
    ok 2 - should detect Brave browser
      ---
      duration_ms: 0.6312
      ...
    # Subtest: should detect Edge browser
    ok 3 - should detect Edge browser
      ---
      duration_ms: 0.5667
      ...
    # Subtest: should work on Windows platform
    ok 4 - should work on Windows platform
      ---
      duration_ms: 0.542
      ...
    # Subtest: should handle Chrome Manifest V3
    ok 5 - should handle Chrome Manifest V3
      ---
      duration_ms: 0.9432
      ...
    # Subtest: should support Chrome DevTools Protocol 1.3
    ok 6 - should support Chrome DevTools Protocol 1.3
      ---
      duration_ms: 1.2445
      ...
    # Subtest: should handle different Chrome profiles
    ok 7 - should handle different Chrome profiles
      ---
      duration_ms: 1.457
      ...
    # Subtest: should support Node.js 16+
    ok 8 - should support Node.js 16+
      ---
      duration_ms: 0.8117
      ...
    # Subtest: should handle extension ID formats
    ok 9 - should handle extension ID formats
      ---
      duration_ms: 1.3996
      ...
    # Subtest: should support WebSocket protocol
    ok 10 - should support WebSocket protocol
      ---
      duration_ms: 1.3131
      ...
    # Subtest: should handle different screen resolutions
    ok 11 - should handle different screen resolutions
      ---
      duration_ms: 0.8738
      ...
    # Subtest: should support multiple Chrome versions
    ok 12 - should support multiple Chrome versions
      ---
      duration_ms: 0.7861
      ...
    # Subtest: should handle different locale settings
    ok 13 - should handle different locale settings
      ---
      duration_ms: 1.9708
      ...
    # Subtest: should work with different file system encodings
    ok 14 - should work with different file system encodings
      ---
      duration_ms: 4.5414
      ...
    # Subtest: should support both HTTP and HTTPS protocols
    ok 15 - should support both HTTP and HTTPS protocols
      ---
      duration_ms: 2.7357
      ...
    1..15
ok 2 - Gravity Compatibility - Browser Tests
  ---
  duration_ms: 39.3545
  type: 'suite'
  ...
# Subtest: Full Gravity Flow - E2E Tests
    # Subtest: should complete full diagnostic flow simulation
    ok 1 - should complete full diagnostic flow simulation
      ---
      duration_ms: 11.8103
      ...
    # Subtest: should handle MCP server startup
    ok 2 - should handle MCP server startup
      ---
      duration_ms: 1.2368
      ...
    # Subtest: should diagnose CSS layout issues
    ok 3 - should diagnose CSS layout issues
      ---
      duration_ms: 0.9503
      ...
    # Subtest: should check browser connection status
    ok 4 - should check browser connection status
      ---
      duration_ms: 0.8225
      ...
    # Subtest: should highlight elements in browser
    ok 5 - should highlight elements in browser
      ---
      duration_ms: 0.729
      ...
    # Subtest: should handle connection timeout gracefully
    ok 6 - should handle connection timeout gracefully
      ---
      duration_ms: 52.3922
      ...
    # Subtest: should retry failed connections
    ok 7 - should retry failed connections
      ---
      duration_ms: 1.1681
      ...
    # Subtest: should handle multiple diagnostic requests in sequence
    ok 8 - should handle multiple diagnostic requests in sequence
      ---
      duration_ms: 0.7341
      ...
    # Subtest: should maintain state across multiple requests
    ok 9 - should maintain state across multiple requests
      ---
      duration_ms: 1.0916
      ...
    # Subtest: should clean up resources on shutdown
    ok 10 - should clean up resources on shutdown
      ---
      duration_ms: 0.9351
      ...
    # Subtest: should handle complete user workflow from IDE to browser
    ok 11 - should handle complete user workflow from IDE to browser
      ---
      duration_ms: 0.7755
      ...
    # Subtest: should validate end-to-end message routing
    ok 12 - should validate end-to-end message routing
      ---
      duration_ms: 0.7309
      ...
    # Subtest: should handle full diagnostic cycle with results
    ok 13 - should handle full diagnostic cycle with results
      ---
      duration_ms: 87.5723
      ...
    # Subtest: should support multiple browser tabs simultaneously
    ok 14 - should support multiple browser tabs simultaneously
      ---
      duration_ms: 1.0562
      ...
    # Subtest: should complete full error recovery flow
    ok 15 - should complete full error recovery flow
      ---
      duration_ms: 28.9744
      ...
    1..15
ok 3 - Full Gravity Flow - E2E Tests
  ---
  duration_ms: 201.2768
  type: 'suite'
  ...
# Subtest: Gravity Error Handling - Recovery Tests
    # Subtest: should handle WebSocket connection errors
    ok 1 - should handle WebSocket connection errors
      ---
      duration_ms: 267.8158
      ...
    # Subtest: should recover from crash simulation
    ok 2 - should recover from crash simulation
      ---
      duration_ms: 19.6721
      ...
    # Subtest: should handle JSON parse errors
    ok 3 - should handle JSON parse errors
      ---
      duration_ms: 2.0334
      ...
    # Subtest: should handle missing extension ID
    ok 4 - should handle missing extension ID
      ---
      duration_ms: 2.0038
      ...
    # Subtest: should handle registry write failures
    ok 5 - should handle registry write failures
      ---
      duration_ms: 1.2273
      ...
    # Subtest: should handle port already in use
    ok 6 - should handle port already in use
      ---
      duration_ms: 1.1691
      ...
    # Subtest: should handle CDP command timeout
    ok 7 - should handle CDP command timeout
      ---
      duration_ms: 21.8109
      ...
    # Subtest: should handle debugger detach events
    ok 8 - should handle debugger detach events
      ---
      duration_ms: 1.2212
      ...
    # Subtest: should handle tab close events
    ok 9 - should handle tab close events
      ---
      duration_ms: 1.6031
      ...
    # Subtest: should handle uncaught exceptions
    ok 10 - should handle uncaught exceptions
      ---
      duration_ms: 2.8474
      ...
    1..10
ok 4 - Gravity Error Handling - Recovery Tests
  ---
  duration_ms: 332.7712
  type: 'suite'
  ...
# Subtest: MCP Protocol - Functional Tests
    # Subtest: should format JSON-RPC 2.0 requests correctly
    ok 1 - should format JSON-RPC 2.0 requests correctly
      ---
      duration_ms: 10.5033
      ...
    # Subtest: should format JSON-RPC 2.0 responses correctly
    ok 2 - should format JSON-RPC 2.0 responses correctly
      ---
      duration_ms: 1.7877
      ...
    # Subtest: should format JSON-RPC 2.0 error responses
    ok 3 - should format JSON-RPC 2.0 error responses
      ---
      duration_ms: 0.7737
      ...
    # Subtest: should handle tools/list request
    ok 4 - should handle tools/list request
      ---
      duration_ms: 1.7127
      ...
    # Subtest: should return available tools
    ok 5 - should return available tools
      ---
      duration_ms: 0.8462
      ...
    # Subtest: should handle initialize request
    ok 6 - should handle initialize request
      ---
      duration_ms: 1.2726
      ...
    # Subtest: should return server capabilities
    ok 7 - should return server capabilities
      ---
      duration_ms: 3.0121
      ...
    # Subtest: should handle notifications without id
    ok 8 - should handle notifications without id
      ---
      duration_ms: 2.4238
      ...
    # Subtest: should validate tool arguments
    ok 9 - should validate tool arguments
      ---
      duration_ms: 4.9093
      ...
    # Subtest: should handle tool execution timeout
    ok 10 - should handle tool execution timeout
      ---
      duration_ms: 74.9797
      ...
    # Subtest: should support batch requests
    ok 11 - should support batch requests
      ---
      duration_ms: 1.1829
      ...
    # Subtest: should handle progress notifications
    ok 12 - should handle progress notifications
      ---
      duration_ms: 1.447
      ...
    # Subtest: should validate protocol version compatibility
    ok 13 - should validate protocol version compatibility
      ---
      duration_ms: 1.9728
      ...
    # Subtest: should handle cancellation requests
    ok 14 - should handle cancellation requests
      ---
      duration_ms: 2.1843
      ...
    # Subtest: should support custom tool metadata
    ok 15 - should support custom tool metadata
      ---
      duration_ms: 1.08
      ...
    1..15
ok 5 - MCP Protocol - Functional Tests
  ---
  duration_ms: 146.9024
  type: 'suite'
  ...
# Subtest: Extension <-> Native Host - Integration Tests
    # Subtest: should accept WebSocket connections from MCP server
    ok 1 - should accept WebSocket connections from MCP server
      ---
      duration_ms: 227.5372
      ...
    # Subtest: should forward messages from MCP to extension
    ok 2 - should forward messages from MCP to extension
      ---
      duration_ms: 63.6435
      ...
    # Subtest: should handle multiple concurrent WebSocket connections
    ok 3 - should handle multiple concurrent WebSocket connections
      ---
      duration_ms: 29.5362
      ...
    # Subtest: should reconnect after connection loss
    ok 4 - should reconnect after connection loss
      ---
      duration_ms: 201.786
      ...
    # Subtest: should handle native messaging protocol correctly
    ok 5 - should handle native messaging protocol correctly
      ---
      duration_ms: 2.4398
      ...
    # Subtest: should validate message format before forwarding
    ok 6 - should validate message format before forwarding
      ---
      duration_ms: 0.8977
      ...
    # Subtest: should handle large messages correctly
    ok 7 - should handle large messages correctly
      ---
      duration_ms: 1.0103
      ...
    # Subtest: should maintain message order during forwarding
    ok 8 - should maintain message order during forwarding
      ---
      duration_ms: 0.7132
      ...
    # Subtest: should handle stdin/stdout communication
    ok 9 - should handle stdin/stdout communication
      ---
      duration_ms: 1.134
      ...
    # Subtest: should process messages bidirectionally
    ok 10 - should process messages bidirectionally
      ---
      duration_ms: 37.5418
      ...
    # Subtest: should handle message queue during high load
    ok 11 - should handle message queue during high load
      ---
      duration_ms: 46.9531
      ...
    # Subtest: should validate message integrity during transmission
    ok 12 - should validate message integrity during transmission
      ---
      duration_ms: 39.9562
      ...
    # Subtest: should handle connection timeout gracefully
    ok 13 - should handle connection timeout gracefully
      ---
      duration_ms: 116.4861
      ...
    # Subtest: should support message compression for large payloads
    ok 14 - should support message compression for large payloads
      ---
      duration_ms: 2.3621
      ...
    # Subtest: should handle protocol version negotiation
    ok 15 - should handle protocol version negotiation
      ---
      duration_ms: 1.3849
      ...
    1..15
ok 6 - Extension <-> Native Host - Integration Tests
  ---
  duration_ms: 802.9037
  type: 'suite'
  ...
